[root@rhel-master .aws]# aws ec2 describe-instances

An error occurred (AuthFailure) when calling the DescribeInstances operation: AWS was not able to validate the provided access credentials
[root@rhel-master .aws]# date
Tue Nov  6 10:55:12 IST 2018
[root@rhel-master .aws]# date
Tue Nov  6 10:55:46 IST 2018
[root@rhel-master .aws]# timedatectl
      Local time: Tue 2018-11-06 10:56:04 IST
  Universal time: Tue 2018-11-06 05:26:04 UTC
        RTC time: Tue 2018-11-06 01:40:22
       Time zone: Asia/Kolkata (IST, +0530)
     NTP enabled: yes
NTP synchronized: no
 RTC in local TZ: no
      DST active: n/a
[root@rhel-master .aws]# date -s "10 NOV 2018 20:43:00"
Sat Nov 10 20:43:00 IST 2018
[root@rhel-master .aws]# aws ec2 describe-instances
{
    "Reservations": [
        {
            "Instances": [
                {
                    "Monitoring": {
                        "State": "disabled"
                    },
                    "PublicDnsName": "",
                    "StateReason": {
                        "Message": "Client.UserInitiatedShutdown: User initiated shutdown",
                        "Code": "Client.UserInitiatedShutdown"
                    },
                    "State": {
                        "Code": 80,
                        "Name": "stopped"
                    },
                    "EbsOptimized": false,
                    "LaunchTime": "2018-11-10T11:06:05.000Z",
                    "PrivateIpAddress": "172.31.33.165",
                    "ProductCodes": [],
                    "VpcId": "vpc-25f9295e",
                    "CpuOptions": {
                        "CoreCount": 1,
                        "ThreadsPerCore": 1
                    },
                    "StateTransitionReason": "User initiated (2018-11-10 13:25:00 GMT)",
                    "InstanceId": "i-0b0593e910d63a346",
                    "EnaSupport": true,
                    "ImageId": "ami-6871a115",
                    "PrivateDnsName": "ip-172-31-33-165.ec2.internal",
                    "KeyName": "amazon-awskey-virginia1",
                    "SecurityGroups": [
                        {
                            "GroupName": "aws_security",
                            "GroupId": "sg-57ef2c21"
                        }
                    ],
                    "ClientToken": "",
                    "SubnetId": "subnet-43b4e51e",
                    "InstanceType": "t2.micro",
                    "CapacityReservationSpecification": {
                        "CapacityReservationPreference": "open"
                    },
                    "NetworkInterfaces": [
                        {
                            "Status": "in-use",
                            "MacAddress": "0e:9e:9e:ce:37:12",
                            "SourceDestCheck": true,
                            "VpcId": "vpc-25f9295e",
                            "Description": "",
                            "NetworkInterfaceId": "eni-0bc1ad99335f48483",
                            "PrivateIpAddresses": [
                                {
                                    "PrivateDnsName": "ip-172-31-33-165.ec2.internal",
                                    "Primary": true,
                                    "PrivateIpAddress": "172.31.33.165"
                                }
                            ],
                            "PrivateDnsName": "ip-172-31-33-165.ec2.internal",
                            "Attachment": {
                                "Status": "attached",
                                "DeviceIndex": 0,
                                "DeleteOnTermination": true,
                                "AttachmentId": "eni-attach-04973d10ea2324596",
                                "AttachTime": "2018-11-09T09:19:09.000Z"
                            },
                            "Groups": [
                                {
                                    "GroupName": "aws_security",
                                    "GroupId": "sg-57ef2c21"
                                }
                            ],
                            "Ipv6Addresses": [],
                            "OwnerId": "872371792653",
                            "SubnetId": "subnet-43b4e51e",
                            "PrivateIpAddress": "172.31.33.165"
                        }
                    ],
                    "SourceDestCheck": true,
                    "Placement": {
                        "Tenancy": "default",
                        "GroupName": "",
                        "AvailabilityZone": "us-east-1a"
                    },
                    "Hypervisor": "xen",
                    "BlockDeviceMappings": [
                        {
                            "DeviceName": "/dev/sdf",
                            "Ebs": {
                                "Status": "attached",
                                "DeleteOnTermination": false,
                                "VolumeId": "vol-017bb9a8f475811ad",
                                "AttachTime": "2018-11-10T14:57:12.000Z"
                            }
                        }
                    ],
                    "Architecture": "x86_64",
                    "RootDeviceType": "ebs",
                    "RootDeviceName": "/dev/sda1",
                    "VirtualizationType": "hvm",
                    "Tags": [
                        {
                            "Value": "Linux-RHEL",
                            "Key": "Name"
                        }
                    ],
                    "AmiLaunchIndex": 0
                }
            ],
            "ReservationId": "r-0c46d8938fd00660f",
            "Groups": [],
            "OwnerId": "872371792653"
        }
    ]
}
[root@rhel-master .aws]#
